2026-06-29 12:07:06 +05:30 | LoadAsync | Failed | Unable to cast object of type 'System.Boolean' to type 'System.String'.
2026-06-29 12:10:00 +05:30 | LoadAsync | Success | Loaded 15 rows
2026-06-29 12:17:27 +05:30 | LoadAsync | Success | Loaded 15 rows
2026-06-29 12:40:08 +05:30 | LoadAsync | Success | Loaded 15 rows
2026-06-29 12:41:14 +05:30 | LoadAsync | Success | Loaded 15 rows
2026-06-29 12:41:51 +05:30 | LoadAsync | Success | Loaded 15 rows
2026-06-29 13:48:28 +05:30 | LoadAsync | Success | Loaded 15 rows
2026-06-29 14:52:25 +05:30 | LoadAsync | Success | Loaded 15 rows
2026-06-29 15:54:37 +05:30 | LoadAsync | Success | Loaded 15 rows
2026-06-29 16:05:33 +05:30 | LoadAsync | Success | Loaded 15 rows
2026-06-29 16:16:05 +05:30 | LoadAsync | Success | Loaded 15 rows
2026-06-29 16:18:46 +05:30 | LoadAsync | Success | Loaded 15 rows
2026-06-29 16:19:14 +05:30 | LoadAsync | Success | Loaded 15 rows
2026-06-29 16:24:52 +05:30 | LoadAsync | Success | Loaded 15 rows
2026-06-29 16:25:48 +05:30 | LoadAsync | Success | Loaded 15 rows
2026-06-29 16:25:52 +05:30 | LoadAsync | Success | Loaded 15 rows
2026-06-29 16:25:52 +05:30 | LoadAsync | Success | Loaded 15 rows
2026-06-29 16:25:52 +05:30 | LoadAsync | Success | Loaded 15 rows
2026-06-29 16:25:52 +05:30 | LoadAsync | Success | Loaded 15 rows
2026-06-29 16:25:52 +05:30 | LoadAsync | Success | Loaded 15 rows
2026-06-29 16:26:37 +05:30 | LoadAsync | Success | Loaded 15 rows
2026-06-29 16:26:37 +05:30 | LoadAsync | Success | Loaded 15 rows
2026-06-29 16:26:37 +05:30 | LoadAsync | Success | Loaded 15 rows
2026-06-29 16:26:37 +05:30 | LoadAsync | Success | Loaded 15 rows
2026-06-29 16:27:02 +05:30 | LoadAsync | Success | Loaded 15 rows
2026-06-29 16:27:02 +05:30 | LoadAsync | Success | Loaded 15 rows
2026-06-29 16:27:02 +05:30 | LoadAsync | Success | Loaded 15 rows
2026-06-29 16:27:02 +05:30 | LoadAsync | Success | Loaded 15 rows
2026-06-29 16:27:02 +05:30 | LoadAsync | Success | Loaded 15 rows
2026-06-29 16:33:53 +05:30 | LoadAsync | Success | Loaded 15 rows
2026-06-29 16:34:51 +05:30 | LoadAsync | Success | Loaded 15 rows
2026-06-29 16:34:51 +05:30 | LoadAsync | Success | Loaded 15 rows
2026-06-29 16:34:51 +05:30 | LoadAsync | Success | Loaded 15 rows
2026-06-29 16:34:51 +05:30 | LoadAsync | Success | Loaded 15 rows
2026-06-29 16:34:51 +05:30 | LoadAsync | Success | Loaded 15 rows
2026-06-29 16:35:38 +05:30 | LoadAsync | Success | Loaded 15 rows
2026-06-29 16:35:38 +05:30 | LoadAsync | Success | Loaded 15 rows
2026-06-29 16:35:38 +05:30 | LoadAsync | Success | Loaded 15 rows
2026-06-29 16:35:38 +05:30 | LoadAsync | Success | Loaded 15 rows
2026-06-29 16:35:38 +05:30 | LoadAsync | Success | Loaded 15 rows
2026-06-29 16:36:18 +05:30 | LoadAsync | Success | Loaded 15 rows
2026-06-29 16:36:18 +05:30 | LoadAsync | Success | Loaded 15 rows
2026-06-29 16:36:19 +05:30 | LoadAsync | Success | Loaded 15 rows
2026-06-29 16:46:54 +05:30 | LoadAsync | Success | Loaded 15 rows
2026-06-29 16:46:54 +05:30 | LoadAsync | Success | Loaded 15 rows
2026-06-29 16:46:54 +05:30 | LoadAsync | Success | Loaded 15 rows
2026-06-29 16:46:54 +05:30 | LoadAsync | Success | Loaded 15 rows
2026-06-29 16:46:54 +05:30 | LoadAsync | Success | Loaded 15 rows
2026-06-29 17:50:45 +05:30 | LoadAsync | Success | Loaded 15 rows
2026-06-29 18:17:13 +05:30 | LoadAsync | Success | Loaded 15 rows
2026-06-29 18:42:01 +05:30 | LoadAsync | Success | Loaded 15 rows
2026-06-30 11:13:38 +05:30 | LoadAsync | Success | Loaded 15 rows
2026-06-30 14:24:47 +05:30 | LoadAsync | Success | Loaded 15 rows
2026-07-01 12:22:15 +05:30 | LoadAsync | Success | Loaded 15 rows
2026-07-01 13:56:59 +05:30 | LoadAsync | Success | Loaded 15 rows
2026-07-01 14:44:15 +05:30 | LoadAsync | Success | Loaded 15 rows
2026-07-01 14:46:09 +05:30 | LoadAsync | Success | Loaded 15 rows
2026-07-01 14:56:22 +05:30 | LoadAsync | Success | Loaded 15 rows
2026-07-01 14:59:02 +05:30 | LoadAsync | Success | Loaded 15 rows
2026-07-01 15:03:18 +05:30 | LoadAsync | Success | Loaded 15 rows
2026-07-01 15:03:57 +05:30 | LoadAsync | Success | Loaded 15 rows
2026-07-01 15:20:52 +05:30 | LoadAsync | Success | Loaded 15 rows
2026-07-01 15:53:07 +05:30 | LoadAsync | Success | Loaded 15 rows
2026-07-01 15:59:43 +05:30 | LoadAsync | Success | Loaded 15 rows
2026-07-01 18:11:36 +05:30 | LoadAsync | Success | Loaded 15 rows
2026-07-01 18:45:15 +05:30 | LoadAsync | Success | Loaded 15 rows
2026-07-01 18:48:43 +05:30 | LoadAsync | Success | Loaded 15 rows
2026-07-01 18:57:52 +05:30 | LoadAsync | Success | Loaded 15 rows
2026-07-02 10:41:23 +05:30 | LoadAsync | Success | Loaded 15 rows
2026-07-02 11:01:04 +05:30 | LoadAsync | Success | Loaded 15 rows
2026-07-02 11:10:43 +05:30 | LoadAsync | Success | Loaded 15 rows
2026-07-02 11:24:25 +05:30 | LoadAsync | Success | Loaded 15 rows
2026-07-02 12:00:36 +05:30 | LoadAsync | Success | Loaded 15 rows
2026-07-02 13:03:52 +05:30 | LoadAsync | Success | Loaded 15 rows
2026-07-02 13:55:32 +05:30 | LoadAsync | Success | Loaded 15 rows
2026-07-02 14:00:13 +05:30 | LoadAsync | Success | Loaded 15 rows
2026-07-02 14:06:14 +05:30 | LoadAsync | Success | Loaded 15 rows
2026-07-02 16:24:37 +05:30 | LoadAsync | Success | Loaded 15 rows
2026-07-02 16:36:16 +05:30 | LoadAsync | Success | Loaded 15 rows
2026-07-02 16:47:46 +05:30 | LoadAsync | Success | Loaded 15 rows
2026-07-02 16:50:15 +05:30 | LoadAsync | Success | Loaded 15 rows
2026-07-02 16:56:15 +05:30 | LoadAsync | Success | Loaded 15 rows
2026-07-02 16:59:43 +05:30 | LoadAsync | Success | Loaded 15 rows
2026-07-02 17:43:06 +05:30 | LoadAsync | Success | Loaded 15 rows
2026-07-02 17:51:23 +05:30 | LoadAsync | Success | Loaded 15 rows
2026-07-02 17:53:31 +05:30 | LoadAsync | Success | Loaded 15 rows
2026-07-02 17:55:36 +05:30 | LoadAsync | Success | Loaded 15 rows
2026-07-02 17:57:47 +05:30 | LoadAsync | Success | Loaded 15 rows
2026-07-02 17:59:58 +05:30 | LoadAsync | Success | Loaded 15 rows
2026-07-02 18:02:31 +05:30 | LoadAsync | Success | Loaded 15 rows
2026-07-02 18:16:50 +05:30 | LoadAsync | Success | Loaded 15 rows
2026-07-02 18:19:42 +05:30 | LoadAsync | Success | Loaded 15 rows
2026-07-02 18:19:58 +05:30 | LoadAsync | Success | Loaded 15 rows
2026-07-02 18:20:46 +05:30 | LoadAsync | Success | Loaded 15 rows
2026-07-02 18:23:24 +05:30 | LoadAsync | Success | Loaded 15 rows
2026-07-06 16:20:18 +05:30 | LoadAsync | Success | Loaded 15 rows
2026-07-06 16:22:33 +05:30 | LoadAsync | Success | Loaded 15 rows
2026-07-06 16:22:59 +05:30 | LoadAsync | Success | Loaded 15 rows
2026-07-06 16:33:43 +05:30 | LoadAsync | Success | Loaded 15 rows
2026-07-06 16:40:49 +05:30 | LoadAsync | Success | Loaded 15 rows
2026-07-06 16:55:07 +05:30 | LoadAsync | Success | Loaded 15 rows
2026-07-06 17:07:57 +05:30 | LoadAsync | Success | Loaded 15 rows
2026-07-07 10:35:32 +05:30 | LoadAsync | Success | Loaded 15 rows
2026-07-07 10:40:37 +05:30 | LoadAsync | Success | Loaded 15 rows
2026-07-07 10:43:30 +05:30 | LoadAsync | Success | Loaded 15 rows
2026-07-07 10:50:59 +05:30 | LoadAsync | Success | Loaded 15 rows
2026-07-07 11:00:02 +05:30 | LoadAsync | Success | Loaded 15 rows
2026-07-07 11:02:29 +05:30 | LoadAsync | Success | Loaded 15 rows
2026-07-07 11:34:12 +05:30 | LoadAsync | Success | Loaded 15 rows
2026-07-07 12:17:32 +05:30 | LoadAsync | Success | Loaded 15 rows
2026-07-07 12:36:06 +05:30 | LoadAsync | Success | Loaded 15 rows
2026-07-08 11:03:31 +05:30 | LoadAsync | Failed | Connect Timeout expired.
2026-07-08 11:04:16 +05:30 | LoadAsync | Success | Loaded 15 rows
2026-07-08 14:19:09 +05:30 | LoadAsync | Success | Loaded 15 rows
2026-07-08 14:19:49 +05:30 | LoadAsync | Success | Loaded 15 rows
2026-07-08 15:15:32 +05:30 | LoadAsync | Success | Loaded 15 rows
2026-07-08 15:27:50 +05:30 | LoadAsync | Success | Loaded 15 rows
2026-07-08 15:46:28 +05:30 | LoadAsync | Success | Loaded 16 rows
2026-07-08 16:10:29 +05:30 | LoadAsync | Success | Loaded 15 rows
2026-07-08 16:15:42 +05:30 | LoadAsync | Success | Loaded 15 rows
2026-07-08 16:16:51 +05:30 | LoadAsync | Success | Loaded 15 rows
2026-07-08 16:55:50 +05:30 | LoadAsync | Success | Loaded 15 rows
2026-07-08 16:56:23 +05:30 | LoadAsync | Success | Loaded 14 rows
2026-07-08 16:56:23 +05:30 | LoadAsync | Success | Loaded 13 rows
2026-07-08 16:56:23 +05:30 | LoadAsync | Success | Loaded 12 rows
2026-07-08 16:56:23 +05:30 | LoadAsync | Success | Loaded 11 rows
2026-07-08 16:56:23 +05:30 | LoadAsync | Success | Loaded 10 rows
2026-07-08 16:56:23 +05:30 | LoadAsync | Success | Loaded 10 rows
2026-07-08 16:58:19 +05:30 | LoadAsync | Success | Loaded 10 rows
2026-07-08 17:02:48 +05:30 | LoadAsync | Success | Loaded 15 rows
2026-07-08 17:03:04 +05:30 | LoadAsync | Success | Loaded 15 rows
2026-07-08 17:03:04 +05:30 | LoadAsync | Success | Loaded 15 rows
2026-07-08 17:03:04 +05:30 | LoadAsync | Success | Loaded 15 rows
2026-07-08 17:03:04 +05:30 | LoadAsync | Success | Loaded 15 rows
2026-07-08 17:03:04 +05:30 | LoadAsync | Success | Loaded 15 rows
2026-07-08 17:03:04 +05:30 | LoadAsync | Success | Loaded 15 rows
2026-07-08 17:03:17 +05:30 | LoadAsync | Success | Loaded 15 rows
2026-07-08 17:03:17 +05:30 | LoadAsync | Success | Loaded 15 rows
2026-07-08 17:03:17 +05:30 | LoadAsync | Success | Loaded 15 rows
2026-07-08 17:03:17 +05:30 | LoadAsync | Success | Loaded 15 rows
2026-07-08 17:03:17 +05:30 | LoadAsync | Success | Loaded 15 rows
2026-07-08 17:03:17 +05:30 | LoadAsync | Success | Loaded 15 rows
2026-07-08 17:03:30 +05:30 | LoadAsync | Success | Loaded 15 rows
2026-07-08 17:03:30 +05:30 | LoadAsync | Success | Loaded 15 rows
2026-07-08 17:03:30 +05:30 | LoadAsync | Success | Loaded 15 rows
2026-07-08 17:03:30 +05:30 | LoadAsync | Success | Loaded 15 rows
2026-07-08 17:03:30 +05:30 | LoadAsync | Success | Loaded 15 rows
2026-07-08 17:03:30 +05:30 | LoadAsync | Success | Loaded 15 rows
2026-07-08 17:23:12 +05:30 | LoadAsync | Success | Loaded 15 rows
2026-07-08 17:30:36 +05:30 | LoadAsync | Success | Loaded 15 rows
2026-07-08 17:38:26 +05:30 | LoadAsync | Success | Loaded 15 rows
2026-07-08 17:48:10 +05:30 | LoadAsync | Success | Loaded 15 rows
2026-07-08 18:24:42 +05:30 | LoadAsync | Success | Loaded 15 rows
2026-07-08 18:52:08 +05:30 | LoadAsync | Success | Loaded 15 rows
2026-07-08 18:52:08 +05:30 | LoadAsync | Success | Loaded 15 rows
2026-07-08 18:52:08 +05:30 | LoadAsync | Success | Loaded 15 rows
2026-07-08 18:52:08 +05:30 | LoadAsync | Success | Loaded 15 rows
2026-07-08 18:52:08 +05:30 | LoadAsync | Success | Loaded 15 rows
2026-07-08 18:52:08 +05:30 | LoadAsync | Success | Loaded 15 rows
2026-07-08 18:52:16 +05:30 | LoadAsync | Success | Loaded 15 rows
2026-07-08 18:52:16 +05:30 | LoadAsync | Success | Loaded 15 rows
2026-07-08 18:52:16 +05:30 | LoadAsync | Success | Loaded 15 rows
2026-07-08 18:52:16 +05:30 | LoadAsync | Success | Loaded 15 rows
2026-07-08 18:52:16 +05:30 | LoadAsync | Success | Loaded 15 rows
2026-07-08 18:52:16 +05:30 | LoadAsync | Success | Loaded 15 rows
2026-07-09 10:32:39 +05:30 | LoadAsync | Success | Loaded 15 rows
2026-07-09 11:52:47 +05:30 | LoadAsync | Success | Loaded 15 rows
2026-07-09 12:10:42 +05:30 | LoadAsync | Success | Loaded 15 rows
2026-07-09 12:12:05 +05:30 | LoadAsync | Success | Loaded 15 rows
2026-07-09 13:48:46 +05:30 | LoadAsync | Success | Loaded 15 rows
2026-07-09 16:03:26 +05:30 | LoadAsync | Success | Loaded 15 rows
2026-07-09 17:12:47 +05:30 | LoadAsync | Success | Loaded 15 rows
2026-07-09 17:18:08 +05:30 | LoadAsync | Success | Loaded 15 rows
2026-07-09 17:53:40 +05:30 | LoadAsync | Success | Loaded 15 rows
2026-07-09 18:04:11 +05:30 | LoadAsync | Success | Loaded 15 rows
2026-07-09 18:37:05 +05:30 | LoadAsync | Success | Loaded 15 rows
2026-07-09 18:50:58 +05:30 | LoadAsync | Success | Loaded 15 rows
2026-07-10 10:52:12 +05:30 | LoadAsync | Success | Loaded 15 rows
2026-07-10 10:58:42 +05:30 | LoadAsync | Success | Loaded 15 rows
2026-07-10 11:31:10 +05:30 | LoadAsync | Success | Loaded 15 rows
2026-07-10 11:32:36 +05:30 | LoadAsync | Success | Loaded 15 rows
2026-07-13 13:27:25 +05:30 | LoadAsync | Success | Loaded 15 rows
2026-07-13 13:40:29 +05:30 | LoadAsync | Success | Loaded 15 rows
2026-07-13 15:10:03 +05:30 | LoadAsync | Success | Loaded 15 rows
2026-07-13 15:33:44 +05:30 | LoadAsync | Success | Loaded 15 rows
2026-07-13 15:57:22 +05:30 | LoadAsync | Success | Loaded 15 rows
2026-07-13 16:31:01 +05:30 | LoadAsync | Success | Loaded 15 rows
2026-07-13 17:25:01 +05:30 | LoadAsync | Success | Loaded 15 rows
2026-07-13 17:47:56 +05:30 | LoadAsync | Success | Loaded 15 rows
2026-07-13 17:59:12 +05:30 | LoadAsync | Success | Loaded 15 rows
2026-07-13 18:23:29 +05:30 | LoadAsync | Success | Loaded 15 rows
2026-07-14 10:29:49 +05:30 | LoadAsync | Success | Loaded 15 rows
2026-07-14 18:32:22 +05:30 | LoadAsync | Success | Loaded 15 rows
2026-07-15 11:29:04 +05:30 | LoadAsync | Success | Loaded 15 rows
2026-07-15 12:54:51 +05:30 | LoadAsync | Success | Loaded 15 rows
2026-07-15 13:10:21 +05:30 | LoadAsync | Success | Loaded 15 rows
2026-07-15 13:12:57 +05:30 | LoadAsync | Success | Loaded 15 rows
2026-07-15 13:15:55 +05:30 | LoadAsync | Success | Loaded 15 rows
2026-07-15 13:21:58 +05:30 | LoadAsync | Success | Loaded 15 rows
2026-07-15 13:35:40 +05:30 | LoadAsync | Success | Loaded 15 rows
2026-07-15 14:08:55 +05:30 | LoadAsync | Success | Loaded 15 rows
2026-07-15 14:27:38 +05:30 | LoadAsync | Success | Loaded 15 rows
2026-07-15 14:36:03 +05:30 | LoadAsync | Success | Loaded 15 rows
2026-07-15 14:45:43 +05:30 | LoadAsync | Success | Loaded 15 rows
2026-07-15 14:46:16 +05:30 | LoadAsync | Success | Loaded 15 rows
2026-07-16 11:55:27 +05:30 | LoadAsync | Success | Loaded 15 rows
2026-07-16 12:39:04 +05:30 | LoadAsync | Success | Loaded 15 rows
2026-07-16 12:55:35 +05:30 | LoadAsync | Success | Loaded 15 rows
2026-07-16 15:00:37 +05:30 | LoadAsync | Success | Loaded 15 rows
2026-07-16 15:06:54 +05:30 | LoadAsync | Success | Loaded 15 rows
2026-07-16 15:10:51 +05:30 | LoadAsync | Success | Loaded 15 rows
2026-07-16 15:31:48 +05:30 | LoadAsync | Success | Loaded 15 rows
2026-07-16 16:16:06 +05:30 | LoadAsync | Success | Loaded 15 rows
2026-07-16 16:32:21 +05:30 | LoadAsync | Success | Loaded 15 rows
2026-07-16 16:35:00 +05:30 | LoadAsync | Success | Loaded 15 rows
2026-07-16 18:42:36 +05:30 | LoadAsync | Success | Loaded 15 rows
2026-07-16 19:06:18 +05:30 | LoadAsync | Success | Loaded 15 rows
2026-07-20 10:08:09 +05:30 | LoadAsync | Success | Loaded 15 rows
2026-07-20 10:42:53 +05:30 | LoadAsync | Success | Loaded 15 rows
2026-07-20 10:45:33 +05:30 | LoadAsync | Success | Loaded 15 rows
2026-07-20 11:03:01 +05:30 | LoadAsync | Success | Loaded 15 rows
2026-07-20 11:28:15 +05:30 | LoadAsync | Success | Loaded 15 rows
2026-07-20 12:04:05 +05:30 | LoadAsync | Success | Loaded 15 rows
2026-07-20 14:38:28 +05:30 | LoadAsync | Success | Loaded 15 rows
2026-07-20 16:11:23 +05:30 | LoadAsync | Success | Loaded 15 rows
2026-07-20 17:02:17 +05:30 | LoadAsync | Success | Loaded 15 rows
2026-07-21 10:12:45 +05:30 | LoadAsync | Success | Loaded 15 rows
2026-07-21 10:15:33 +05:30 | LoadAsync | Success | Loaded 15 rows
2026-07-21 10:18:29 +05:30 | LoadAsync | Success | Loaded 15 rows
2026-07-21 10:28:35 +05:30 | LoadAsync | Success | Loaded 15 rows
2026-07-21 10:51:52 +05:30 | LoadAsync | Success | Loaded 15 rows
2026-07-21 11:59:44 +05:30 | LoadAsync | Success | Loaded 15 rows
2026-07-21 12:00:32 +05:30 | LoadAsync | Success | Loaded 15 rows
2026-07-21 12:14:44 +05:30 | LoadAsync | Success | Loaded 15 rows
2026-07-21 13:02:14 +05:30 | LoadAsync | Success | Loaded 15 rows
2026-07-21 13:10:26 +05:30 | LoadAsync | Success | Loaded 15 rows
2026-07-21 13:28:43 +05:30 | LoadAsync | Success | Loaded 15 rows
2026-07-21 14:01:25 +05:30 | LoadAsync | Success | Loaded 15 rows
2026-07-21 14:29:34 +05:30 | LoadAsync | Success | Loaded 15 rows
2026-07-21 14:34:15 +05:30 | LoadAsync | Success | Loaded 15 rows
2026-07-21 14:56:11 +05:30 | LoadAsync | Success | Loaded 15 rows
2026-07-21 15:21:37 +05:30 | LoadAsync | Success | Loaded 15 rows
2026-07-21 16:26:09 +05:30 | LoadAsync | Success | Loaded 15 rows
2026-07-21 17:36:40 +05:30 | LoadAsync | Success | Loaded 15 rows
2026-07-21 17:39:20 +05:30 | LoadAsync | Success | Loaded 15 rows
2026-07-21 18:51:50 +05:30 | LoadAsync | Success | Loaded 15 rows
2026-07-22 10:11:10 +05:30 | LoadAsync | Success | Loaded 15 rows
2026-07-22 10:24:05 +05:30 | LoadAsync | Success | Loaded 15 rows
2026-07-22 10:29:07 +05:30 | LoadAsync | Success | Loaded 15 rows
2026-07-22 10:31:00 +05:30 | LoadAsync | Success | Loaded 15 rows
2026-07-22 10:35:35 +05:30 | LoadAsync | Success | Loaded 15 rows
2026-07-22 10:40:29 +05:30 | LoadAsync | Success | Loaded 15 rows
2026-07-22 11:02:26 +05:30 | LoadAsync | Success | Loaded 15 rows
2026-07-22 11:18:53 +05:30 | LoadAsync | Success | Loaded 15 rows
2026-07-22 11:19:37 +05:30 | LoadAsync | Success | Loaded 15 rows
2026-07-22 11:48:36 +05:30 | LoadAsync | Success | Loaded 15 rows
2026-07-22 12:58:55 +05:30 | LoadAsync | Success | Loaded 15 rows
2026-07-22 13:02:13 +05:30 | LoadAsync | Success | Loaded 15 rows
2026-07-22 13:22:08 +05:30 | LoadAsync | Success | Loaded 15 rows
2026-07-22 13:24:03 +05:30 | LoadAsync | Success | Loaded 15 rows
2026-07-22 14:14:02 +05:30 | LoadAsync | Success | Loaded 15 rows
2026-07-22 14:15:15 +05:30 | LoadAsync | Failed | Connect Timeout expired.
2026-07-22 14:16:58 +05:30 | LoadAsync | Success | Loaded 15 rows
2026-07-22 14:54:38 +05:30 | LoadAsync | Success | Loaded 15 rows
2026-07-22 17:43:30 +05:30 | LoadAsync | Success | Loaded 15 rows
2026-07-23 10:09:30 +05:30 | LoadAsync | Success | Loaded 15 rows
2026-07-23 10:19:07 +05:30 | LoadAsync | Success | Loaded 15 rows
2026-07-23 11:48:02 +05:30 | LoadAsync | Success | Loaded 15 rows
2026-07-23 14:23:59 +05:30 | LoadAsync | Success | Loaded 15 rows
2026-07-23 14:31:36 +05:30 | LoadAsync | Success | Loaded 15 rows
2026-07-23 15:00:46 +05:30 | LoadAsync | Success | Loaded 15 rows
2026-07-23 15:04:45 +05:30 | LoadAsync | Success | Loaded 15 rows
2026-07-23 15:15:33 +05:30 | LoadAsync | Success | Loaded 15 rows
2026-07-23 15:59:38 +05:30 | LoadAsync | Success | Loaded 15 rows
2026-07-23 16:11:49 +05:30 | LoadAsync | Success | Loaded 15 rows
2026-07-23 16:17:00 +05:30 | LoadAsync | Success | Loaded 15 rows
2026-07-23 16:27:52 +05:30 | LoadAsync | Success | Loaded 15 rows
2026-07-23 16:45:57 +05:30 | LoadAsync | Success | Loaded 15 rows
2026-07-23 16:49:27 +05:30 | LoadAsync | Success | Loaded 15 rows
2026-07-23 16:55:15 +05:30 | LoadAsync | Success | Loaded 15 rows
2026-07-23 17:39:31 +05:30 | LoadAsync | Success | Loaded 15 rows
2026-07-23 18:02:24 +05:30 | LoadAsync | Success | Loaded 15 rows
2026-07-23 18:39:57 +05:30 | LoadAsync | Success | Loaded 15 rows
2026-07-23 18:48:06 +05:30 | LoadAsync | Success | Loaded 15 rows
2026-07-23 18:51:43 +05:30 | LoadAsync | Success | Loaded 15 rows
2026-07-23 19:04:29 +05:30 | LoadAsync | Success | Loaded 15 rows
2026-07-23 19:50:39 +05:30 | LoadAsync | Success | Loaded 15 rows
2026-07-24 10:26:50 +05:30 | LoadAsync | Success | Loaded 15 rows
2026-07-24 10:39:58 +05:30 | LoadAsync | Success | Loaded 15 rows
2026-07-24 11:02:28 +05:30 | LoadAsync | Success | Loaded 15 rows
2026-07-24 11:10:37 +05:30 | LoadAsync | Success | Loaded 15 rows
2026-07-24 11:19:16 +05:30 | LoadAsync | Success | Loaded 15 rows
2026-07-24 11:35:26 +05:30 | LoadAsync | Success | Loaded 15 rows
2026-07-24 11:51:45 +05:30 | LoadAsync | Success | Loaded 15 rows
2026-07-24 11:55:57 +05:30 | LoadAsync | Success | Loaded 15 rows
2026-07-24 12:56:55 +05:30 | LoadAsync | Success | Loaded 15 rows
2026-07-24 14:15:35 +05:30 | LoadAsync | Success | Loaded 15 rows
2026-07-24 14:40:49 +05:30 | LoadAsync | Success | Loaded 15 rows
2026-07-24 17:27:55 +05:30 | LoadAsync | Success | Loaded 15 rows
2026-07-24 18:03:20 +05:30 | LoadAsync | Success | Loaded 15 rows
2026-07-27 10:45:52 +05:30 | LoadAsync | Success | Loaded 15 rows
2026-07-27 11:30:06 +05:30 | LoadAsync | Success | Loaded 15 rows
2026-07-27 11:56:58 +05:30 | LoadAsync | Success | Loaded 15 rows
2026-07-27 12:27:00 +05:30 | LoadAsync | Success | Loaded 15 rows
2026-07-27 12:28:05 +05:30 | LoadAsync | Success | Loaded 15 rows
2026-07-27 12:38:05 +05:30 | LoadAsync | Success | Loaded 15 rows
2026-07-27 12:40:50 +05:30 | LoadAsync | Success | Loaded 15 rows
2026-07-27 12:54:53 +05:30 | LoadAsync | Success | Loaded 15 rows
2026-07-27 13:20:13 +05:30 | LoadAsync | Success | Loaded 15 rows
2026-07-27 13:23:50 +05:30 | LoadAsync | Success | Loaded 15 rows
2026-07-27 16:44:01 +05:30 | LoadAsync | Success | Loaded 15 rows
2026-07-27 18:43:08 +05:30 | LoadAsync | Success | Loaded 15 rows
2026-07-28 10:46:15 +05:30 | LoadAsync | Success | Loaded 15 rows
2026-07-28 10:49:50 +05:30 | LoadAsync | Success | Loaded 15 rows
2026-07-28 11:01:19 +05:30 | LoadAsync | Success | Loaded 15 rows
2026-07-28 17:22:45 +05:30 | LoadAsync | Success | Loaded 15 rows
2026-07-28 18:42:21 +05:30 | LoadAsync | Success | Loaded 15 rows
2026-07-28 18:46:42 +05:30 | LoadAsync | Success | Loaded 15 rows
2026-07-28 18:51:55 +05:30 | LoadAsync | Success | Loaded 15 rows
2026-07-28 19:00:38 +05:30 | LoadAsync | Success | Loaded 15 rows
2026-07-28 19:05:41 +05:30 | LoadAsync | Success | Loaded 15 rows
2026-07-29 09:30:54 +05:30 | LoadAsync | Success | Loaded 15 rows
2026-07-29 12:47:25 +05:30 | LoadAsync | Success | Loaded 15 rows
2026-07-29 13:05:34 +05:30 | LoadAsync | Success | Loaded 15 rows
2026-07-29 13:07:21 +05:30 | LoadAsync | Success | Loaded 15 rows
2026-07-29 14:59:16 +05:30 | LoadAsync | Success | Loaded 15 rows
2026-07-29 15:16:41 +05:30 | LoadAsync | Success | Loaded 15 rows
2026-07-29 15:39:15 +05:30 | LoadAsync | Success | Loaded 15 rows
2026-07-29 15:50:03 +05:30 | LoadAsync | Success | Loaded 15 rows
2026-07-29 16:23:48 +05:30 | LoadAsync | Success | Loaded 15 rows
2026-07-29 17:36:58 +05:30 | LoadAsync | Success | Loaded 15 rows
2026-07-30 11:16:40 +05:30 | LoadAsync | Success | Loaded 15 rows
2026-07-30 13:46:02 +05:30 | LoadAsync | Success | Loaded 15 rows
2026-07-30 14:34:13 +05:30 | LoadAsync | Success | Loaded 15 rows
2026-07-30 15:01:21 +05:30 | LoadAsync | Success | Loaded 15 rows
2026-07-30 15:10:31 +05:30 | LoadAsync | Success | Loaded 15 rows
2026-07-30 15:11:31 +05:30 | LoadAsync | Success | Loaded 15 rows
2026-07-30 15:16:28 +05:30 | LoadAsync | Success | Loaded 15 rows
2026-07-30 15:57:54 +05:30 | LoadAsync | Success | Loaded 15 rows
2026-07-30 19:06:31 +05:30 | LoadAsync | Failed | The column name 'SystemStatus' does not exist in the result set.
2026-07-31 10:32:10 +05:30 | LoadAsync | Failed | The column name 'SystemStatus' does not exist in the result set.
2026-07-31 10:47:21 +05:30 | LoadAsync | Success | Loaded 15 rows
2026-07-31 13:46:31 +05:30 | LoadAsync | Success | Loaded 15 rows
2026-07-31 13:46:43 +05:30 | LoadAsync | Success | Loaded 15 rows
2026-07-31 13:50:24 +05:30 | LoadAsync | Success | Loaded 15 rows
2026-07-31 13:51:09 +05:30 | LoadAsync | Success | Loaded 15 rows
2026-07-31 13:52:45 +05:30 | LoadAsync | Success | Loaded 15 rows
2026-07-31 13:52:45 +05:30 | LoadAsync | Success | Loaded 15 rows
2026-07-31 13:52:45 +05:30 | LoadAsync | Success | Loaded 15 rows
2026-07-31 13:52:45 +05:30 | LoadAsync | Success | Loaded 15 rows
2026-07-31 13:52:45 +05:30 | LoadAsync | Success | Loaded 15 rows
2026-07-31 13:52:45 +05:30 | LoadAsync | Success | Loaded 15 rows
2026-07-31 13:52:55 +05:30 | LoadAsync | Success | Loaded 15 rows
2026-07-31 13:52:56 +05:30 | LoadAsync | Success | Loaded 15 rows
2026-07-31 13:52:56 +05:30 | LoadAsync | Success | Loaded 15 rows
2026-07-31 13:52:56 +05:30 | LoadAsync | Success | Loaded 15 rows
2026-07-31 13:52:56 +05:30 | LoadAsync | Success | Loaded 15 rows
2026-07-31 13:52:56 +05:30 | LoadAsync | Success | Loaded 15 rows
2026-07-31 13:53:07 +05:30 | LoadAsync | Success | Loaded 15 rows
2026-07-31 13:53:07 +05:30 | LoadAsync | Success | Loaded 15 rows
2026-07-31 13:53:08 +05:30 | LoadAsync | Success | Loaded 15 rows
2026-07-31 13:53:08 +05:30 | LoadAsync | Success | Loaded 15 rows
2026-07-31 13:53:08 +05:30 | LoadAsync | Success | Loaded 15 rows
2026-07-31 13:53:08 +05:30 | LoadAsync | Success | Loaded 15 rows
2026-07-31 13:53:39 +05:30 | LoadAsync | Success | Loaded 15 rows
2026-07-31 13:55:11 +05:30 | LoadAsync | Success | Loaded 15 rows
2026-07-31 14:00:44 +05:30 | LoadAsync | Success | Loaded 15 rows
2026-07-31 14:04:14 +05:30 | LoadAsync | Success | Loaded 15 rows
2026-07-31 14:13:15 +05:30 | LoadAsync | Success | Loaded 15 rows
2026-07-31 14:28:08 +05:30 | LoadAsync | Success | Loaded 15 rows
2026-07-31 14:32:55 +05:30 | LoadAsync | Success | Loaded 15 rows
2026-07-31 14:36:21 +05:30 | LoadAsync | Success | Loaded 15 rows
2026-07-31 14:38:01 +05:30 | LoadAsync | Success | Loaded 15 rows
2026-07-31 16:13:16 +05:30 | LoadAsync | Success | Loaded 15 rows
2026-07-31 16:22:38 +05:30 | LoadAsync | Success | Loaded 15 rows
2026-07-31 16:40:22 +05:30 | LoadAsync | Success | Loaded 15 rows
2026-07-31 16:54:07 +05:30 | LoadAsync | Success | Loaded 15 rows
2026-07-31 17:06:05 +05:30 | LoadAsync | Success | Loaded 15 rows
2026-07-31 17:07:50 +05:30 | LoadAsync | Success | Loaded 15 rows
2026-08-03 11:05:26 +05:30 | LoadAsync | Success | Loaded 15 rows
2026-08-03 11:36:11 +05:30 | LoadAsync | Success | Loaded 15 rows
2026-08-03 13:22:12 +05:30 | LoadAsync | Success | Loaded 15 rows
2026-08-03 14:42:09 +05:30 | LoadAsync | Success | Loaded 15 rows
2026-08-03 16:48:52 +05:30 | LoadAsync | Success | Loaded 15 rows
2026-08-04 10:33:01 +05:30 | LoadAsync | Success | Loaded 15 rows
2026-08-04 10:44:33 +05:30 | LoadAsync | Success | Loaded 15 rows
2026-08-04 11:10:57 +05:30 | LoadAsync | Success | Loaded 15 rows
2026-08-04 15:13:34 +05:30 | LoadAsync | Success | Loaded 15 rows
2026-08-04 18:40:18 +05:30 | LoadAsync | Success | Loaded 15 rows
2026-08-04 18:41:30 +05:30 | LoadAsync | Success | Loaded 15 rows
2026-08-05 10:03:15 +05:30 | LoadAsync | Success | Loaded 15 rows
2026-08-05 10:27:47 +05:30 | LoadAsync | Success | Loaded 15 rows
2026-08-05 10:29:51 +05:30 | LoadAsync | Success | Loaded 15 rows
2026-08-05 10:35:32 +05:30 | LoadAsync | Success | Loaded 15 rows
2026-08-05 10:41:57 +05:30 | LoadAsync | Success | Loaded 15 rows
2026-08-05 10:48:32 +05:30 | LoadAsync | Success | Loaded 15 rows
2026-08-05 10:50:47 +05:30 | LoadAsync | Success | Loaded 15 rows
2026-08-05 11:03:19 +05:30 | LoadAsync | Success | Loaded 15 rows
2026-08-05 11:24:32 +05:30 | LoadAsync | Success | Loaded 15 rows
2026-08-05 11:34:12 +05:30 | LoadAsync | Success | Loaded 15 rows
2026-08-05 11:51:25 +05:30 | LoadAsync | Success | Loaded 15 rows
2026-08-05 11:54:37 +05:30 | LoadAsync | Success | Loaded 15 rows
2026-08-05 11:59:32 +05:30 | LoadAsync | Success | Loaded 15 rows
2026-08-05 12:08:54 +05:30 | LoadAsync | Success | Loaded 15 rows
2026-08-05 12:14:34 +05:30 | LoadAsync | Success | Loaded 15 rows
2026-08-05 12:17:46 +05:30 | LoadAsync | Success | Loaded 15 rows
2026-08-05 12:29:20 +05:30 | LoadAsync | Success | Loaded 15 rows
2026-08-05 12:33:25 +05:30 | LoadAsync | Success | Loaded 15 rows
2026-08-05 12:35:08 +05:30 | LoadAsync | Success | Loaded 15 rows
2026-08-05 12:35:22 +05:30 | LoadAsync | Success | Loaded 15 rows
2026-08-05 12:36:12 +05:30 | LoadAsync | Success | Loaded 15 rows
2026-08-05 12:43:01 +05:30 | LoadAsync | Success | Loaded 15 rows
2026-08-05 12:47:41 +05:30 | LoadAsync | Success | Loaded 15 rows
2026-08-05 13:02:40 +05:30 | LoadAsync | Success | Loaded 15 rows
2026-08-05 13:13:06 +05:30 | LoadAsync | Success | Loaded 15 rows
2026-08-05 13:14:55 +05:30 | LoadAsync | Success | Loaded 15 rows
2026-08-05 13:15:39 +05:30 | LoadAsync | Success | Loaded 15 rows
2026-08-05 13:17:50 +05:30 | LoadAsync | Success | Loaded 15 rows
2026-08-05 13:25:10 +05:30 | LoadAsync | Success | Loaded 15 rows
2026-08-05 13:30:42 +05:30 | LoadAsync | Success | Loaded 15 rows
2026-08-05 13:32:41 +05:30 | LoadAsync | Success | Loaded 15 rows
2026-08-05 14:04:26 +05:30 | LoadAsync | Success | Loaded 15 rows
2026-08-05 14:14:10 +05:30 | LoadAsync | Success | Loaded 15 rows
2026-08-05 14:23:12 +05:30 | LoadAsync | Success | Loaded 15 rows
2026-08-05 14:34:27 +05:30 | LoadAsync | Success | Loaded 15 rows
2026-08-05 14:48:18 +05:30 | LoadAsync | Success | Loaded 15 rows
2026-08-05 18:19:19 +05:30 | LoadAsync | Success | Loaded 15 rows
2026-08-11 10:38:13 +05:30 | LoadAsync | Success | Loaded 15 rows
2026-08-11 10:43:59 +05:30 | LoadAsync | Success | Loaded 15 rows
2026-08-11 11:36:14 +05:30 | LoadAsync | Success | Loaded 15 rows
2026-08-11 11:56:49 +05:30 | LoadAsync | Success | Loaded 15 rows
2026-08-11 12:49:17 +05:30 | LoadAsync | Success | Loaded 15 rows
2026-08-11 14:49:01 +05:30 | LoadAsync | Success | Loaded 15 rows
2026-08-11 14:55:03 +05:30 | LoadAsync | Success | Loaded 15 rows
2026-08-11 14:57:56 +05:30 | LoadAsync | Success | Loaded 15 rows
2026-08-11 15:28:35 +05:30 | LoadAsync | Success | Loaded 15 rows
2026-08-11 17:11:24 +05:30 | LoadAsync | Success | Loaded 15 rows
2026-08-11 17:15:37 +05:30 | LoadAsync | Success | Loaded 15 rows
2026-08-11 17:20:18 +05:30 | LoadAsync | Success | Loaded 15 rows
2026-08-11 17:34:06 +05:30 | LoadAsync | Success | Loaded 15 rows
2026-08-11 17:40:49 +05:30 | LoadAsync | Success | Loaded 15 rows
2026-08-11 19:14:57 +05:30 | LoadAsync | Success | Loaded 15 rows
2026-08-12 11:46:12 +05:30 | LoadAsync | Success | Loaded 15 rows
2026-08-12 14:06:59 +05:30 | LoadAsync | Success | Loaded 15 rows
2026-08-12 14:08:50 +05:30 | LoadAsync | Success | Loaded 15 rows
2026-08-12 14:16:52 +05:30 | LoadAsync | Success | Loaded 15 rows
2026-08-12 14:23:54 +05:30 | LoadAsync | Success | Loaded 15 rows
2026-08-12 14:26:05 +05:30 | LoadAsync | Success | Loaded 15 rows
<<<<<<< HEAD
=======
2026-08-12 16:02:15 +05:30 | LoadAsync | Success | Loaded 15 rows
2026-08-12 17:02:40 +05:30 | LoadAsync | Success | Loaded 15 rows
2026-08-12 17:07:26 +05:30 | LoadAsync | Success | Loaded 15 rows
2026-08-12 17:17:31 +05:30 | LoadAsync | Success | Loaded 15 rows
>>>>>>> develop
