2026-09-03 10:51:17 +05:30 | Galileo queue polling started. Queues: Q/22, Q/23. Interval: 15 min.
2026-09-03 10:53:43 +05:30 | Galileo queue polling started. Queues: Q/22, Q/23. Interval: 15 min.
2026-09-03 10:54:30 +05:30 | Galileo queue polling started. Queues: Q/22, Q/23. Interval: 15 min.
2026-09-03 10:55:31 +05:30 | Galileo queue polling started. Queues: Q/22, Q/23. Interval: 15 min.
2026-09-03 10:55:53 +05:30 | Galileo queue polling started. Queues: Q/22, Q/23. Interval: 15 min.
2026-09-03 10:59:00 +05:30 | Galileo queue polling started. Queues: Q/22, Q/23. Interval: 15 min.
2026-09-03 11:02:59 +05:30 | Galileo queue polling started. Queues: Q/22, Q/23. Interval: 15 min.
2026-09-03 11:11:21 +05:30 | Galileo queue polling started. Queues: Q/22, Q/23. Interval: 15 min.
2026-09-03 11:14:00 +05:30 | Galileo queue polling started. Queues: Q/22, Q/23. Interval: 15 min.
2026-09-03 11:25:51 +05:30 | Galileo queue polling started. Queues: Q/22, Q/23. Interval: 15 min.
2026-09-03 12:22:04 +05:30 | Galileo queue polling started. Queues: Q/22, Q/23. Interval: 15 min.
2026-09-03 13:07:20 +05:30 | Galileo queue polling started. Queues: Q/22, Q/23. Interval: 15 min.
2026-09-03 13:07:42 +05:30 | Galileo PCC 6TP2 Q/22: received 2 PNRs, but no flight segments were parsed; nothing to save.
2026-09-03 13:07:42 +05:30 | Galileo PCC 6TP2 Q/22: analyzed 2 PNRs, saved 0 actions.
2026-09-03 13:07:44 +05:30 | Galileo PCC 6TP2 Q/23: Queue empty.
2026-09-03 13:14:20 +05:30 | Galileo queue polling started. Queues: Q/22, Q/23. Interval: 15 min.
2026-09-03 13:14:43 +05:30 | Galileo PCC 6TP2 Q/22: received 2 PNRs, but no flight segments were parsed; nothing to save.
2026-09-03 13:14:43 +05:30 | Galileo PCC 6TP2 Q/22: analyzed 2 PNRs, saved 0 actions.
2026-09-03 13:14:44 +05:30 | Galileo PCC 6TP2 Q/23: Queue empty.
2026-09-03 13:23:11 +05:30 | Galileo queue polling started. Queues: Q/22, Q/23. Interval: 15 min.
2026-09-03 13:23:55 +05:30 | Galileo PCC 6TP2 Q/22: analyzed 2 PNRs, saved 74 actions.
2026-09-03 13:23:56 +05:30 | Galileo PCC 6TP2 Q/23: Queue empty.
2026-09-03 14:26:41 +05:30 | Galileo PCC 6TP2 Q/22: analyzed 2 PNRs, saved 10 actions.
2026-09-03 14:26:43 +05:30 | Galileo PCC 6TP2 Q/23: Queue empty.
2026-09-03 14:27:35 +05:30 | Galileo queue polling started. Queues: Q/22, Q/23. Interval: 15 min.
2026-09-03 14:28:25 +05:30 | Galileo PCC 6TP2 Q/22: analyzed 30 PNRs, saved 75 actions.
2026-09-03 14:28:26 +05:30 | Galileo PCC 6TP2 Q/23: Queue empty.
2026-09-03 14:35:17 +05:30 | Galileo queue polling started. Queues: Q/22, Q/23. Interval: 15 min.
2026-09-03 14:35:56 +05:30 | Galileo PCC 6TP2 Q/22: analyzed 30 PNRs, saved 2 actions.
2026-09-03 14:35:58 +05:30 | Galileo PCC 6TP2 Q/23: Queue empty.
2026-09-03 14:53:09 +05:30 | Galileo PCC 6TP2 Q/22 failed: The Command Timeout expired before the operation completed.
2026-09-03 14:55:29 +05:30 | Galileo PCC 6TP2 Q/23 failed: Galileo command 'Q/23' failed with HTTP 500 Internal Server Error: <?xml version="1.0" encoding="UTF-8"?>
<soapenv:Envelope xmlns:soapenv="http://schemas.xmlsoap.org/soap/envelope/" xmlns:xsd="http://www.w3.org/2001/XMLSchema" xmlns:xsi="http://www.w3.org/2001/XMLSchema-instance">
 <soapenv:Body>
  <soapenv:Fault>
   <faultcode>soapenv:Server.userException</faultcode>
   <faultstring>Uncaught Service Exception cause:com.cendant.tds.soa.framework.ServiceException: Could not locate Session Token Information  Session May Have Timed Out. /projects/stp/service_stora
2026-09-03 15:11:03 +05:30 | Galileo PCC 6TP2 Q/22: analyzed 27 PNRs, saved 3 actions.
2026-09-03 15:11:04 +05:30 | Galileo PCC 6TP2 Q/23: Queue empty.
2026-09-03 15:26:42 +05:30 | Galileo PCC 6TP2 Q/22: analyzed 27 PNRs, saved 0 actions.
2026-09-03 15:45:35 +05:30 | Galileo queue polling started. Queues: Q/22, Q/23. Interval: 15 min.
2026-09-03 15:46:50 +05:30 | Galileo PCC 6TP2 Q/22: analyzed 27 PNRs, saved 10 actions.
2026-09-03 15:50:24 +05:30 | Galileo queue polling started. Queues: Q/22, Q/23. Interval: 15 min.
2026-09-03 15:51:55 +05:30 | Galileo PCC 6TP2 Q/22: analyzed 27 PNRs, saved 64 actions.
2026-09-03 15:51:59 +05:30 | Galileo PCC 6TP2 Q/23: received 1 PNRs, but no flight segments were parsed; nothing to save.
2026-09-03 15:51:59 +05:30 | Galileo PCC 6TP2 Q/23: analyzed 1 PNRs, saved 0 actions.
2026-09-03 16:02:55 +05:30 | Galileo queue polling started. Queues: Q/22, Q/23. Interval: 15 min.
2026-09-03 16:04:08 +05:30 | Galileo PCC 6TP2 Q/22: analyzed 27 PNRs, saved 5 actions.
2026-09-03 16:04:13 +05:30 | Galileo PCC 6TP2 Q/23: received 1 PNRs, but no flight segments were parsed; nothing to save.
2026-09-03 16:04:13 +05:30 | Galileo PCC 6TP2 Q/23: analyzed 1 PNRs, saved 0 actions.
2026-09-03 17:32:45 +05:30 | Galileo queue polling started. Queues: Q/22, Q/23. Interval: 15 min.
2026-09-03 17:33:57 +05:30 | Galileo PCC 6TP2 Q/22: analyzed 27 PNRs, saved 0 actions.
2026-09-03 17:34:01 +05:30 | Galileo PCC 6TP2 Q/23: received 1 PNRs, but no flight segments were parsed; nothing to save.
2026-09-03 17:34:01 +05:30 | Galileo PCC 6TP2 Q/23: analyzed 1 PNRs, saved 0 actions.
2026-09-04 12:25:13 +05:30 | Galileo queue polling is disabled.
2026-09-04 12:26:28 +05:30 | Galileo queue polling is disabled.
2026-09-04 12:33:15 +05:30 | Galileo queue polling is disabled.
2026-09-04 12:41:21 +05:30 | Galileo queue polling is disabled.
2026-09-04 12:46:46 +05:30 | Galileo queue polling is disabled.
2026-09-04 12:50:26 +05:30 | Galileo queue polling is disabled.
2026-09-04 13:47:45 +05:30 | Galileo queue polling is disabled.
2026-09-04 13:57:33 +05:30 | Galileo queue polling is disabled.
2026-09-04 14:23:07 +05:30 | Galileo queue polling is disabled.
2026-09-04 14:38:38 +05:30 | Galileo queue polling is disabled.
2026-09-04 14:44:58 +05:30 | Galileo queue polling is disabled.
2026-09-04 16:53:38 +05:30 | Galileo queue polling started. Queues: Q/22, Q/23. Interval: 15 min.
2026-09-04 16:54:27 +05:30 | Galileo queue polling started. Queues: Q/22, Q/23. Interval: 15 min.
2026-09-04 16:55:09 +05:30 | Galileo PCC 6TP2 Q/22: analyzed 20 PNRs, saved 0 actions.
2026-09-04 16:55:13 +05:30 | Galileo PCC 6TP2 Q/23: analyzed 2 PNRs, saved 0 actions.
2026-09-07 16:19:47 +05:30 | Galileo queue polling started. Queues: Q/22, Q/23. Interval: 15 min.
2026-09-07 16:20:25 +05:30 | Galileo PCC 6TP2 Q/22: analyzed 21 PNRs, saved 24 actions.
2026-09-07 16:20:25 +05:30 | Galileo PCC 6TP2 Q/23: Queue empty.
2026-09-07 16:35:52 +05:30 | Galileo PCC 6TP2 Q/22: analyzed 21 PNRs, saved 0 actions.
2026-09-07 16:35:52 +05:30 | Galileo PCC 6TP2 Q/23: Queue empty.
2026-09-07 16:52:15 +05:30 | Galileo queue polling started. Queues: Q/22, Q/23. Interval: 15 min.
2026-09-07 16:52:41 +05:30 | Galileo PCC 6TP2 Q/22: analyzed 21 PNRs, saved 0 actions.
2026-09-07 16:52:42 +05:30 | Galileo PCC 6TP2 Q/23: Queue empty.
2026-09-07 17:09:04 +05:30 | Galileo queue polling started. Queues: Q/22, Q/23. Interval: 15 min.
2026-09-07 17:09:27 +05:30 | Galileo PCC 6TP2 Q/22: analyzed 20 PNRs, saved 0 actions.
2026-09-07 17:09:27 +05:30 | Galileo PCC 6TP2 Q/23: Queue empty.
2026-09-07 17:21:08 +05:30 | Galileo queue polling started. Queues: Q/22, Q/23. Interval: 15 min.
2026-09-07 17:21:42 +05:30 | Galileo PCC 6TP2 Q/22: analyzed 21 PNRs, saved 64 actions.
2026-09-07 17:21:42 +05:30 | Galileo PCC 6TP2 Q/23: Queue empty.
2026-09-07 17:39:04 +05:30 | Galileo queue polling started. Queues: Q/22, Q/23. Interval: 15 min.
2026-09-07 17:40:46 +05:30 | Galileo queue polling started. Queues: Q/22, Q/23. Interval: 15 min.
2026-09-07 17:41:04 +05:30 | Galileo PCC 6TP2 Q/22: analyzed 20 PNRs, saved 59 actions.
2026-09-07 17:41:04 +05:30 | Galileo PCC 6TP2 Q/23: Queue empty.
2026-09-07 17:56:22 +05:30 | Galileo PCC 6TP2 Q/22: analyzed 21 PNRs, saved 18 actions.
2026-09-07 17:56:22 +05:30 | Galileo PCC 6TP2 Q/23: Queue empty.
2026-09-07 18:11:42 +05:30 | Galileo PCC 6TP2 Q/22: analyzed 21 PNRs, saved 2 actions.
2026-09-07 18:11:43 +05:30 | Galileo PCC 6TP2 Q/23: Queue empty.
2026-09-07 18:27:15 +05:30 | Galileo PCC 6TP2 Q/22: analyzed 21 PNRs, saved 1 actions.
2026-09-07 18:27:16 +05:30 | Galileo PCC 6TP2 Q/23: Queue empty.
2026-09-08 10:20:00 +05:30 | Galileo queue polling started. Queues: Q/22, Q/23. Interval: 15 min.
2026-09-08 10:20:25 +05:30 | Galileo PCC 6TP2 Q/22: analyzed 27 PNRs, saved 39 actions.
2026-09-08 10:20:32 +05:30 | Galileo PCC 6TP2 Q/23: analyzed 9 PNRs, saved 15 actions.
2026-09-08 10:35:54 +05:30 | Galileo PCC 6TP2 Q/22: analyzed 27 PNRs, saved 8 actions.
2026-09-08 10:35:55 +05:30 | Galileo PCC 6TP2 Q/23: Queue empty.
2026-09-08 10:38:46 +05:30 | Galileo queue polling started. Queues: Q/22, Q/23. Interval: 15 min.
2026-09-08 10:39:10 +05:30 | Galileo PCC 6TP2 Q/22: analyzed 27 PNRs, saved 2 actions.
2026-09-08 10:39:10 +05:30 | Galileo PCC 6TP2 Q/23: Queue empty.
2026-09-08 10:50:29 +05:30 | Galileo queue polling started. Queues: Q/22, Q/23. Interval: 15 min.
2026-09-08 10:51:03 +05:30 | Galileo PCC 6TP2 Q/22: analyzed 27 PNRs, saved 86 actions.
2026-09-08 10:51:03 +05:30 | Galileo PCC 6TP2 Q/23: Queue empty.
2026-09-08 11:27:40 +05:30 | Galileo queue polling started. Queues: Q/22, Q/23. Interval: 15 min.
2026-09-08 11:28:03 +05:30 | Galileo PCC 6TP2 Q/22: analyzed 25 PNRs, saved 35 actions.
2026-09-08 11:28:05 +05:30 | Galileo PCC 6TP2 Q/23: received 1 PNRs, but no flight segments were parsed; nothing to save.
2026-09-08 11:28:05 +05:30 | Galileo PCC 6TP2 Q/23: analyzed 1 PNRs, saved 0 actions.
2026-09-08 11:36:42 +05:30 | Galileo queue polling started. Queues: Q/22, Q/23. Interval: 15 min.
2026-09-08 11:37:01 +05:30 | Galileo PCC 6TP2 Q/22: analyzed 45 PNRs, saved 36 actions.
2026-09-08 11:37:02 +05:30 | Galileo PCC 6TP2 Q/23: Queue empty.
2026-09-08 11:52:21 +05:30 | Galileo PCC 6TP2 Q/22: analyzed 45 PNRs, saved 0 actions.
2026-09-08 11:52:22 +05:30 | Galileo PCC 6TP2 Q/23: Queue empty.
